// Jest Snapshot v1, https://goo.gl/fbAQLP

exports[`Should return a OK on register mutation 1`] = `
Object {
  "data": Object {
    "register": "OK",
  },
  "errors": undefined,
  "extensions": undefined,
  "http": Object {
    "headers": Headers {
      Symbol(map): Object {},
    },
  },
}
`;
